[2026-04-15 04:10:54] INFO     __main__             ▶ Starting run_pipeline...
[2026-04-15 04:11:10] INFO     gpu_utils            GPU detected: NVIDIA GeForce RTX 4050 Laptop GPU (6.0 GB, CC 8.9)
[2026-04-15 04:11:10] INFO     ingestion            ▶ Starting run_ingestion...
[2026-04-15 04:11:10] INFO     ingestion            ▶ Starting load_stock_prices...
[2026-04-15 04:11:10] INFO     ingestion            [GPU (cuDF)] Loading stock prices from: /home/arnav/market-ai/data/stock_prices.csv
[2026-04-15 04:11:10] INFO     gpu_utils            [GPU MEM CSV Load START] Used: 1068.5MB / 6140.5MB (Free: 5072.0MB)
[2026-04-15 04:11:12] INFO     gpu_utils            [GPU MEM CSV Load END] Used: 1314.5MB / 6140.5MB (Free: 4826.0MB)
[2026-04-15 04:11:12] INFO     gpu_utils            [TIMING] CSV Load: 2.403s
[2026-04-15 04:11:12] INFO     ingestion            Loaded 2,332,531 rows
[2026-04-15 04:11:12] INFO     ingestion            ✓ Completed load_stock_prices in 2.40s
[2026-04-15 04:11:12] INFO     ingestion            ▶ Starting load_stock_list...
[2026-04-15 04:11:12] INFO     ingestion            [GPU (cuDF)] Loading stock list from: /home/arnav/market-ai/data/stock_list.csv
[2026-04-15 04:11:12] INFO     ingestion            Loaded 4,417 stock entries
[2026-04-15 04:11:12] INFO     ingestion            ✓ Completed load_stock_list in 0.03s
[2026-04-15 04:11:12] INFO     ingestion            [StockPrices] Schema validated — 12 columns present
[2026-04-15 04:11:12] INFO     ingestion            ▶ Starting prepare_prices...
[2026-04-15 04:11:13] INFO     ingestion            Data prepared: 2,000 stocks | 2017-01-04 → 2021-12-03
[2026-04-15 04:11:13] INFO     ingestion            ✓ Completed prepare_prices in 0.54s
[2026-04-15 04:11:13] INFO     ingestion            Merged sector info (5 columns)
[2026-04-15 04:11:13] INFO     utils                ─── Ingested Stock Prices Summary ───
[2026-04-15 04:11:13] INFO     utils                  Shape: 2,332,531 rows × 17 cols
[2026-04-15 04:11:13] INFO     utils                  Null %: 5.91%
[2026-04-15 04:11:13] INFO     utils                  Memory: 409.0 MB
[2026-04-15 04:11:13] INFO     ingestion            ✓ Completed run_ingestion in 3.25s
[2026-04-15 04:11:13] INFO     utils                Saved intermediate: /home/arnav/market-ai/outputs/intermediate/stock_list.pkl
[2026-04-15 04:11:13] INFO     cleaning             ▶ Starting run_cleaning...
[2026-04-15 04:11:13] INFO     cleaning             ═══ Starting Data Cleaning ═══
[2026-04-15 04:11:13] INFO     cleaning             ▶ Starting apply_adjustment_factor...
[2026-04-15 04:11:13] INFO     cleaning             Applied AdjustmentFactor to OHLC prices
[2026-04-15 04:11:13] INFO     cleaning             ✓ Completed apply_adjustment_factor in 0.02s
[2026-04-15 04:11:13] INFO     cleaning             ▶ Starting handle_missing_values...
[2026-04-15 04:11:13] INFO     cleaning             Missing values: 30,432 → 0 (dropped 4 rows)
[2026-04-15 04:11:13] INFO     cleaning             ✓ Completed handle_missing_values in 0.46s
[2026-04-15 04:11:13] INFO     cleaning             ▶ Starting filter_short_histories...
[2026-04-15 04:11:14] INFO     cleaning             Stock filter (>=252 days): 2,000 → 1,991 stocks
[2026-04-15 04:11:14] INFO     cleaning             ✓ Completed filter_short_histories in 0.18s
[2026-04-15 04:11:14] INFO     cleaning             ▶ Starting remove_outlier_returns...
[2026-04-15 04:11:14] INFO     cleaning             Removed 373 outlier return rows (>10.0σ)
[2026-04-15 04:11:14] INFO     cleaning             ✓ Completed remove_outlier_returns in 0.50s
[2026-04-15 04:11:14] INFO     cleaning             ▶ Starting validate_price_consistency...
[2026-04-15 04:11:14] INFO     cleaning             ✓ Completed validate_price_consistency in 0.02s
[2026-04-15 04:11:14] INFO     cleaning             ▶ Starting flag_supervision_stocks...
[2026-04-15 04:11:14] INFO     cleaning             Stocks under supervision: 15
[2026-04-15 04:11:14] INFO     cleaning             ✓ Completed flag_supervision_stocks in 0.02s
[2026-04-15 04:11:14] INFO     utils                ─── Cleaned Stock Prices Summary ───
[2026-04-15 04:11:14] INFO     utils                  Shape: 2,328,049 rows × 17 cols
[2026-04-15 04:11:14] INFO     utils                  Null %: 5.84%
[2026-04-15 04:11:14] INFO     utils                  Memory: 407.1 MB
[2026-04-15 04:11:14] INFO     cleaning             ✓ Completed run_cleaning in 1.33s
[2026-04-15 04:11:14] INFO     features             ▶ Starting run_feature_engineering...
[2026-04-15 04:11:14] INFO     features             ═══ Starting Feature Engineering ═══
[2026-04-15 04:11:14] INFO     features             Converting to pandas BEFORE feature engineering (safe zone)...
[2026-04-15 04:11:14] INFO     features             Converting cuDF → pandas via Arrow (CUDA-safe)...
[2026-04-15 04:11:17] INFO     features             ▶ Starting compute_per_asset_features_gpu...
[2026-04-15 04:11:17] INFO     features             Computing per-asset features (CPU mode)...
[2026-04-15 04:11:33] INFO     features             Computing RSI, drawdown, and liquidity features...
[2026-04-15 04:11:40] INFO     features             Feature engineering completed successfully.
[2026-04-15 04:11:40] INFO     features             ✓ Completed compute_per_asset_features_gpu in 22.50s
[2026-04-15 04:11:40] INFO     features             ▶ Starting compute_cross_sectional_features...
[2026-04-15 04:11:40] INFO     features             Computing cross-sectional features...
[2026-04-15 04:11:45] INFO     features             Cross-sectional features computed
[2026-04-15 04:11:45] INFO     features             ✓ Completed compute_cross_sectional_features in 4.71s
[2026-04-15 04:11:45] INFO     features             ▶ Starting compute_targets...
[2026-04-15 04:11:45] INFO     features             Computing target variables...
[2026-04-15 04:11:48] INFO     features             Regime distribution:
0    769772
1    768898
2    769469
[2026-04-15 04:11:52] INFO     features             Volatility spike prevalence: 6.7%
[2026-04-15 04:11:52] INFO     features             ✓ Completed compute_targets in 7.54s
[2026-04-15 04:11:53] INFO     utils                ─── Feature-Engineered Dataset Summary ───
[2026-04-15 04:11:53] INFO     utils                  Shape: 2,308,139 rows × 46 cols
[2026-04-15 04:11:55] INFO     utils                  Null %: 2.59%
[2026-04-15 04:11:56] INFO     utils                  Memory: 1618.9 MB
[2026-04-15 04:11:56] INFO     features             Total feature columns: 29
[2026-04-15 04:11:56] INFO     features             ✓ Completed run_feature_engineering in 42.01s
[2026-04-15 04:11:56] INFO     signals              ▶ Starting run_signal_processing...
[2026-04-15 04:11:56] INFO     signals              ▶ Starting compute_spectral_features...
[2026-04-15 04:11:56] INFO     signals              ═══ Starting Signal Processing (FFT) ═══
[2026-04-15 04:11:56] INFO     signals              FFT backend: GPU (CuPy)
[2026-04-15 04:11:56] INFO     signals              Processing FFT for 1991 stocks...
[2026-04-15 04:13:31] INFO     signals                FFT processed: 500/1991 stocks
[2026-04-15 04:17:39] INFO     signals                FFT processed: 1000/1991 stocks
[2026-04-15 04:18:56] INFO     signals                FFT processed: 1500/1991 stocks
[2026-04-15 04:19:55] INFO     signals              Spectral features computed: 98,588 observations
[2026-04-15 04:19:55] INFO     signals              ✓ Completed compute_spectral_features in 331.13s
[2026-04-15 04:19:55] INFO     signals              ▶ Starting detect_regime_shifts...
[2026-04-15 04:19:56] INFO     signals              Detected 0 regime shift signals
[2026-04-15 04:19:56] INFO     signals              ✓ Completed detect_regime_shifts in 0.80s
[2026-04-15 04:19:56] INFO     signals              ▶ Starting detect_volatility_bursts...
[2026-04-15 04:19:57] INFO     signals              Detected 0 volatility burst signals
[2026-04-15 04:19:57] INFO     signals              ✓ Completed detect_volatility_bursts in 0.80s
[2026-04-15 04:20:03] INFO     signals              Merged 6 spectral features into main dataset
[2026-04-15 04:20:03] INFO     signals              ✓ Completed run_signal_processing in 339.23s
[2026-04-15 04:20:03] INFO     utils                Saved intermediate: /home/arnav/market-ai/outputs/intermediate/spectral_features.pkl
[2026-04-15 04:20:03] INFO     graph                ▶ Starting run_graph_modeling...
[2026-04-15 04:20:03] INFO     graph                ═══ Starting Correlation Graph Modeling ═══
[2026-04-15 04:20:03] INFO     graph                ▶ Starting select_liquid_stocks...
[2026-04-15 04:20:03] INFO     graph                Selected top 200 most liquid stocks for graph analysis
[2026-04-15 04:20:03] INFO     graph                ✓ Completed select_liquid_stocks in 0.05s
[2026-04-15 04:20:03] INFO     graph                ▶ Starting compute_correlation_matrix...
[2026-04-15 04:20:04] INFO     gpu_utils            [GPU MEM CorrelationMatrix START] Used: 1084.5MB / 6140.5MB (Free: 5056.0MB)
[2026-04-15 04:20:04] INFO     gpu_utils            [GPU MEM CorrelationMatrix END] Used: 1092.5MB / 6140.5MB (Free: 5048.0MB)
[2026-04-15 04:20:04] INFO     gpu_utils            [TIMING] CorrelationMatrix: 0.168s
[2026-04-15 04:20:04] INFO     graph                Correlation matrix: 200×200 stocks
[2026-04-15 04:20:04] INFO     graph                ✓ Completed compute_correlation_matrix in 0.61s
[2026-04-15 04:20:04] INFO     graph                ▶ Starting build_graph_from_correlation...
[2026-04-15 04:20:04] INFO     graph                Graph: 200 nodes, 2334 edges (threshold=0.5)
[2026-04-15 04:20:04] INFO     graph                ✓ Completed build_graph_from_correlation in 0.24s
[2026-04-15 04:20:04] INFO     graph                ▶ Starting run_community_detection...
[2026-04-15 04:20:04] INFO     gpu_utils            [GPU MEM CommunityDetection START] Used: 1092.5MB / 6140.5MB (Free: 5048.0MB)
[2026-04-15 04:20:05] INFO     graph                [SAFE CONVERT] Louvain: cuDF → pandas via Arrow
[2026-04-15 04:20:05] INFO     graph                Louvain communities: 9 (modularity: 0.1937)
[2026-04-15 04:20:05] INFO     gpu_utils            [GPU MEM CommunityDetection END] Used: 1094.5MB / 6140.5MB (Free: 5046.0MB)
[2026-04-15 04:20:05] INFO     gpu_utils            [TIMING] CommunityDetection: 0.341s
[2026-04-15 04:20:05] INFO     graph                ✓ Completed run_community_detection in 0.34s
[2026-04-15 04:20:05] INFO     graph                ▶ Starting run_centrality_analysis...
[2026-04-15 04:20:05] INFO     gpu_utils            [GPU MEM CentralityAnalysis START] Used: 1094.5MB / 6140.5MB (Free: 5046.0MB)
[2026-04-15 04:20:05] INFO     graph                [SAFE CONVERT] PageRank: cuDF → pandas via Arrow
[2026-04-15 04:20:05] INFO     gpu_utils            [GPU MEM CentralityAnalysis END] Used: 1094.5MB / 6140.5MB (Free: 5046.0MB)
[2026-04-15 04:20:05] INFO     gpu_utils            [TIMING] CentralityAnalysis: 0.097s
[2026-04-15 04:20:05] INFO     graph                Centrality computed for 200 stocks
[2026-04-15 04:20:05] INFO     graph                ✓ Completed run_centrality_analysis in 0.10s
[2026-04-15 04:20:05] INFO     graph                ▶ Starting compute_graph_density...
[2026-04-15 04:20:05] INFO     graph                Graph density: 0.1173
[2026-04-15 04:20:05] INFO     graph                ✓ Completed compute_graph_density in 0.00s
[2026-04-15 04:20:05] INFO     graph                Top systemic nodes:
     SecuritiesCode  pagerank  degree_centrality  community
122            7186  0.015001             1.0000        0.0
117            7011  0.013985             1.0000        2.0
164            8593  0.013864             0.9875        2.0
9              1928  0.013695             0.9875        4.0
45             4202  0.013587             0.9375        0.0
143            8053  0.013436             0.9500        0.0
90             6473  0.013371             0.9875        2.0
153            8331  0.013151             0.8875        0.0
79             5802  0.012963             0.9500        2.0
5              1808  0.012598             0.9125        4.0
[2026-04-15 04:20:05] INFO     graph                ✓ Completed run_graph_modeling in 1.35s
[2026-04-15 04:20:05] INFO     utils                Saved intermediate: /home/arnav/market-ai/outputs/intermediate/graph_results_meta.pkl
[2026-04-15 04:20:05] INFO     ml                   ▶ Starting run_ml...
[2026-04-15 04:20:05] INFO     ml                   ═══ Starting Machine Learning Layer ═══
[2026-04-15 04:20:05] INFO     ml                   ▶ Starting train_regime_classifier...
[2026-04-15 04:20:05] INFO     ml                   ─── Training Regime Classifier (3-class) ───
[2026-04-15 04:20:05] INFO     ml                   Available feature columns: 27/27
[2026-04-15 04:20:05] INFO     ml                   ▶ Starting time_split...
[2026-04-15 04:20:07] INFO     ml                   Split for 'regime_label': Train=1,832,309 (2017-01-20 to 2020-12-14), Test=465,875 (2020-12-21 to 2021-12-03), Purge gap=5 days
[2026-04-15 04:20:07] INFO     ml                   ✓ Completed time_split in 2.08s
[2026-04-15 04:20:08] INFO     ml                   Training data: (1584534, 27), Test data: (464860, 27), Classes: 3
[2026-04-15 04:20:08] INFO     gpu_utils            [GPU MEM LogisticRegression START] Used: 1094.5MB / 6140.5MB (Free: 5046.0MB)
[2026-04-15 04:20:08] INFO     gpu_utils            [GPU MEM LogisticRegression END] Used: 1094.5MB / 6140.5MB (Free: 5046.0MB)
[2026-04-15 04:20:08] INFO     gpu_utils            [TIMING] LogisticRegression: 0.326s
[2026-04-15 04:20:08] WARNING  ml                   LogisticRegression failed: Unsupported dtype object
[2026-04-15 04:20:08] INFO     gpu_utils            [GPU MEM RandomForest START] Used: 1094.5MB / 6140.5MB (Free: 5046.0MB)
[2026-04-15 04:20:18] INFO     gpu_utils            [GPU MEM RandomForest END] Used: 1390.5MB / 6140.5MB (Free: 4750.0MB)
[2026-04-15 04:20:18] INFO     gpu_utils            [TIMING] RandomForest: 10.122s
[2026-04-15 04:20:19] INFO     ml                   [RandomForest] Accuracy=0.9985, F1(macro)=0.9985, ROC-AUC=0.9999
[2026-04-15 04:20:37] INFO     ml                   [XGBoost] Accuracy=0.9990, F1(macro)=0.9990, ROC-AUC=1.0
[2026-04-15 04:20:38] INFO     ml                   ✓ Completed train_regime_classifier in 33.03s
[2026-04-15 04:20:38] INFO     ml                   ▶ Starting train_vol_spike_predictor...
[2026-04-15 04:20:38] INFO     ml                   ─── Training Volatility Spike Predictor (binary) ───
[2026-04-15 04:20:38] INFO     ml                   Available feature columns: 27/27
[2026-04-15 04:20:38] INFO     ml                   ▶ Starting time_split...
[2026-04-15 04:20:41] INFO     ml                   Split for 'vol_spike': Train=1,832,309 (2017-01-20 to 2020-12-14), Test=465,875 (2020-12-21 to 2021-12-03), Purge gap=5 days
[2026-04-15 04:20:41] INFO     ml                   ✓ Completed time_split in 3.79s
[2026-04-15 04:20:42] INFO     ml                   Vol spike prevalence in train: 0.071
[2026-04-15 04:20:42] INFO     gpu_utils            [GPU MEM LogisticRegression START] Used: 1648.5MB / 6140.5MB (Free: 4492.0MB)
[2026-04-15 04:20:43] INFO     gpu_utils            [GPU MEM LogisticRegression END] Used: 1930.5MB / 6140.5MB (Free: 4210.0MB)
[2026-04-15 04:20:43] INFO     gpu_utils            [TIMING] LogisticRegression: 0.799s
[2026-04-15 04:20:43] INFO     ml                   [LogisticRegression] Accuracy=0.9432, F1(macro)=0.4854, ROC-AUC=0.4995
[2026-04-15 04:20:43] INFO     gpu_utils            [GPU MEM RandomForest START] Used: 1930.5MB / 6140.5MB (Free: 4210.0MB)
[2026-04-15 04:20:56] INFO     gpu_utils            [GPU MEM RandomForest END] Used: 2126.5MB / 6140.5MB (Free: 4014.0MB)
[2026-04-15 04:20:56] INFO     gpu_utils            [TIMING] RandomForest: 12.547s
[2026-04-15 04:20:56] INFO     ml                   [RandomForest] Accuracy=0.9432, F1(macro)=0.4854, ROC-AUC=0.7403
[2026-04-15 04:21:03] INFO     ml                   [XGBoost] Accuracy=0.7171, F1(macro)=0.5139, ROC-AUC=0.7401
[2026-04-15 04:21:03] INFO     ml                   ✓ Completed train_vol_spike_predictor in 25.82s
[2026-04-15 04:21:03] INFO     ml                   [regime] Best model: xgboost (F1=0.9990)
[2026-04-15 04:21:03] INFO     ml                   [vol_spike] Best model: xgboost (F1=0.5139)
[2026-04-15 04:21:03] INFO     ml                   ✓ Completed run_ml in 58.85s
[2026-04-15 04:21:03] INFO     risk                 ▶ Starting run_risk_engine...
[2026-04-15 04:21:03] INFO     risk                 ═══ Starting Risk Intelligence Engine ═══
[2026-04-15 04:21:03] INFO     risk                 ▶ Starting compute_risk_scores...
[2026-04-15 04:21:03] INFO     risk                 ═══ Computing Risk Scores ═══
[2026-04-15 04:21:07] INFO     risk                 Risk scores: mean=29.1, max=58.3, min=0.9
[2026-04-15 04:21:07] INFO     risk                 ✓ Completed compute_risk_scores in 3.22s
[2026-04-15 04:21:07] INFO     risk                 ▶ Starting compute_market_sentiment...
[2026-04-15 04:21:07] INFO     risk                 ═══ Computing Market Sentiment Proxy ═══
[2026-04-15 04:21:07] INFO     risk                 Market Sentiment: Fear (38.4/100)
[2026-04-15 04:21:07] INFO     risk                 ✓ Completed compute_market_sentiment in 0.04s
[2026-04-15 04:21:07] INFO     risk                 ▶ Starting compute_market_regime...
[2026-04-15 04:21:07] INFO     risk                 Market regime: Low Volatility (vol=0.0191)
[2026-04-15 04:21:07] INFO     risk                 ✓ Completed compute_market_regime in 0.01s
[2026-04-15 04:21:07] INFO     risk                 ▶ Starting generate_volatility_alerts...
[2026-04-15 04:21:07] INFO     risk                 Volatility alerts: 0 stocks (threshold=0.6)
[2026-04-15 04:21:07] INFO     risk                 ✓ Completed generate_volatility_alerts in 0.00s
[2026-04-15 04:21:07] INFO     risk                 ▶ Starting compute_systemic_risk...
[2026-04-15 04:21:07] INFO     risk                 Systemic risk score: 39.4/100
[2026-04-15 04:21:07] INFO     risk                 ✓ Completed compute_systemic_risk in 0.00s
[2026-04-15 04:21:07] INFO     risk                 ▶ Starting compute_sector_risk...
[2026-04-15 04:21:07] INFO     risk                 Sector risk computed for 17 sectors
[2026-04-15 04:21:07] INFO     risk                 ✓ Completed compute_sector_risk in 0.01s
[2026-04-15 04:21:07] INFO     risk                 ═══ Risk Intelligence Summary ═══
[2026-04-15 04:21:07] INFO     risk                   Market Sentiment: Fear (38.4)
[2026-04-15 04:21:07] INFO     risk                   Market Regime: Low Volatility
[2026-04-15 04:21:07] INFO     risk                   Systemic Risk: 39.4/100
[2026-04-15 04:21:07] INFO     risk                   Stocks with alerts: 0
[2026-04-15 04:21:07] INFO     risk                   Highest risk stock score: 58.3
[2026-04-15 04:21:07] INFO     risk                 ✓ Completed run_risk_engine in 3.28s
[2026-04-15 04:21:07] INFO     benchmark            ▶ Starting run_benchmarks...
[2026-04-15 04:21:07] INFO     benchmark            ═══ Starting CPU vs GPU Benchmarking ═══
[2026-04-15 04:21:07] INFO     benchmark            ▶ Starting benchmark_csv_loading...
[2026-04-15 04:21:10] INFO     benchmark            CSV Load CPU: 3.466s, 783.2MB
[2026-04-15 04:21:11] INFO     benchmark            CSV Load GPU: 0.405s (speedup: 8.6×)
[2026-04-15 04:21:11] INFO     benchmark            ✓ Completed benchmark_csv_loading in 4.01s
[2026-04-15 04:21:11] INFO     benchmark            ▶ Starting benchmark_fft...
[2026-04-15 04:21:11] INFO     benchmark            FFT CPU (10000 samples): 2.00ms
[2026-04-15 04:21:11] INFO     benchmark            FFT GPU (10000 samples): 1.75ms (speedup: 1.1×)
[2026-04-15 04:21:11] INFO     benchmark            ✓ Completed benchmark_fft in 0.01s
[2026-04-15 04:21:11] INFO     benchmark            ▶ Starting benchmark_correlation...
[2026-04-15 04:21:11] INFO     benchmark            Correlation CPU (200×63): 1.08ms
[2026-04-15 04:21:11] INFO     benchmark            Correlation GPU (200×63): 3.21ms (speedup: 0.3×)
[2026-04-15 04:21:11] INFO     benchmark            ✓ Completed benchmark_correlation in 0.01s
[2026-04-15 04:21:11] INFO     benchmark            ▶ Starting benchmark_xgboost...
[2026-04-15 04:21:12] INFO     benchmark            XGBoost CPU (50000 samples): 1.275s
[2026-04-15 04:21:13] INFO     benchmark            XGBoost GPU (50000 samples): 0.576s (speedup: 2.2×)
[2026-04-15 04:21:13] INFO     benchmark            ✓ Completed benchmark_xgboost in 1.88s
[2026-04-15 04:21:13] INFO     benchmark            ▶ Starting benchmark_graph_community...
[2026-04-15 04:21:13] INFO     benchmark            Graph Community CPU (200 nodes): 0.454s
[2026-04-15 04:21:13] INFO     benchmark            Graph Community GPU (200 nodes): 0.098s (speedup: 4.6×)
[2026-04-15 04:21:13] INFO     benchmark            ✓ Completed benchmark_graph_community in 0.55s
[2026-04-15 04:21:13] INFO     benchmark            ▶ Starting benchmark_feature_engineering...
[2026-04-15 04:21:13] INFO     benchmark            Groupby Agg CPU: 0.008s
[2026-04-15 04:21:13] INFO     benchmark            Features GPU: 0.027s (speedup: 0.3×)
[2026-04-15 04:21:13] INFO     benchmark            ✓ Completed benchmark_feature_engineering in 0.04s
[2026-04-15 04:21:13] INFO     benchmark            
═══ Benchmark Summary ═══
[2026-04-15 04:21:13] INFO     benchmark              csv_loading                CPU:      3.466s  GPU:      0.405s  Speedup:    8.6×
  fft                        CPU:      0.002s  GPU:    0.00175s  Speedup:    1.1×
  correlation                CPU:    0.00108s  GPU:    0.00321s  Speedup:    0.3×
  xgboost                    CPU:      1.275s  GPU:      0.576s  Speedup:    2.2×
  graph_community            CPU:      0.454s  GPU:      0.098s  Speedup:    4.6×
  feature_engineering        CPU:      0.008s  GPU:      0.027s  Speedup:    0.3×
[2026-04-15 04:21:13] INFO     benchmark            ✓ Completed run_benchmarks in 6.51s
[2026-04-15 04:21:17] INFO     utils                Saved intermediate: /home/arnav/market-ai/outputs/intermediate/pipeline_results.pkl
[2026-04-15 04:21:17] INFO     __main__             ✓ Completed run_pipeline in 474.84s
